// Jest Snapshot v1, https://goo.gl/fbAQLP

exports[`ProviderInfo Snapshot Test 1`] = `
<Styled(MuiBox)
  className="makeStyles-providerInfo-1"
>
  <WithStyles(ForwardRef(Typography))
    className="makeStyles-providerComment-3"
    variant="subtitle2"
  >
    This product uses the TMDb API but is not endorsed or certified by TMDb.
  </WithStyles(ForwardRef(Typography))>
  <Image
    alt="TMDB Logo"
    className="makeStyles-providerIcon-2"
    height={40}
    src="https://www.themoviedb.org/assets/2/v4/logos/v2/blue_square_1-5bdc75aaebeb75dc7ae79426ddd9be3b2be1e342510f8202baf6bffa71d7f5c4.svg"
    width={40}
  />
</Styled(MuiBox)>
`;
