// Jest Snapshot v1, https://goo.gl/fbAQLP

exports[`SideBar Shapshot Test 1`] = `
<WithStyles(ForwardRef(List))
  className="makeStyles-root-1"
>
  <WithStyles(ForwardRef(ListItem))>
    <Link
      href="/"
    >
      <WithStyles(ForwardRef(Grid))
        className="makeStyles-sideBarItem-2"
        container={true}
      >
        <Memo(ForwardRef(HomeIcon))
          className="makeStyles-sidebarIcon-3"
        />
        <WithStyles(ForwardRef(Typography))
          className="makeStyles-sidebarText-4"
          variant="h6"
        >
          Home
        </WithStyles(ForwardRef(Typography))>
      </WithStyles(ForwardRef(Grid))>
    </Link>
  </WithStyles(ForwardRef(ListItem))>
  <WithStyles(ForwardRef(ListItem))>
    <Link
      href="/about"
    >
      <WithStyles(ForwardRef(Grid))
        className="makeStyles-sideBarItem-2"
        container={true}
      >
        <Memo(ForwardRef(InfoIcon))
          className="makeStyles-sidebarIcon-3"
        />
        <WithStyles(ForwardRef(Typography))
          className="makeStyles-sidebarText-4"
          variant="h6"
        >
          About
        </WithStyles(ForwardRef(Typography))>
      </WithStyles(ForwardRef(Grid))>
    </Link>
  </WithStyles(ForwardRef(ListItem))>
</WithStyles(ForwardRef(List))>
`;
